exports[`test renders correctly 1`] = `
<TouchableOpacity
  activeOpacity={0.2}
  onPress={[Function]}
  style={
    Object {
      "flex": 1,
      "flexDirection": "row",
      "padding": 10,
    }
  }>
  <View
    style={
      Object {
        "width": 50,
      }
    }>
    <Image
      source={
        Object {
          "uri": "https://pbs.twimg.com/profile_images/465909547752632320/ffD7qZ--_400x400.png",
        }
      }
      style={
        Object {
          "height": 40,
          "marginTop": 3,
          "width": 40,
        }
      } />
  </View>
  <View
    style={
      Object {
        "flex": 1,
        "flexDirection": "column",
        "justifyContent": "center",
      }
    }>
    <Text
      accessible={true}
      allowFontScaling={true}
      ellipsizeMode="tail"
      style={
        Object {
          "color": "grey",
          "fontSize": 18,
          "fontWeight": "900",
        }
      }>
      bdx.io
    </Text>
    <Text
      accessible={true}
      allowFontScaling={true}
      ellipsizeMode="tail"
      style={
        Object {
          "color": "grey",
        }
      }>
      @ Enseirb Matmeca
    </Text>
  </View>
</TouchableOpacity>
`;
